Resolving dependencies...
Downloading packages...
  characters 1.4.0 (1.4.1 available)
  matcher 0.12.17 (0.12.18 available)
  material_color_utilities 0.11.1 (0.13.0 available)
  meta 1.17.0 (1.18.1 available)
  test_api 0.7.7 (0.7.9 available)
Got dependencies!
5 packages have newer versions incompatible with dependency constraints.
Try `flutter pub outdated` for more information.
00:00 +0: loading /app/test/widget_test.dart                                                                                                                                                           00:01 +0: loading /app/test/widget_test.dart                                                                                                                                                           00:02 +0: loading /app/test/widget_test.dart                                                                                                                                                           00:02 +0: App smoke test                                                                                                                                                                               00:03 +0: App smoke test                                                                                                                                                                               00:04 +0: App smoke test                                                                                                                                                                               00:04 +0: App smoke test
Pending timers:
Timer (duration: 0:00:00.000000, periodic: false), created:
#0      new FakeTimer._ (package:fake_async/fake_async.dart:342:62)
#1      FakeAsync._createTimer (package:fake_async/fake_async.dart:260:29)
#2      FakeAsync.run.<anonymous closure> (package:fake_async/fake_async.dart:185:15)
#6      _AnimateState._restart (package:flutter_animate/src/animate.dart:318:23)
#7      _AnimateState.initState (package:flutter_animate/src/animate.dart:290:5)
#8      StatefulElement._firstBuild (package:flutter/src/widgets/framework.dart:5953:55)
#9      ComponentElement.mount (package:flutter/src/widgets/framework.dart:5796:5)
...     Normal element mounting (94 frames)
#103    Element.inflateWidget (package:flutter/src/widgets/framework.dart:4590:20)
#104    MultiChildRenderObjectElement.inflateWidget (package:flutter/src/widgets/framework.dart:7269:36)
#105    MultiChildRenderObjectElement.mount (package:flutter/src/widgets/framework.dart:7285:32)
...     Normal element mounting (43 frames)
#148    Element.inflateWidget (package:flutter/src/widgets/framework.dart:4590:20)
#149    MultiChildRenderObjectElement.inflateWidget (package:flutter/src/widgets/framework.dart:7269:36)
#150    MultiChildRenderObjectElement.mount (package:flutter/src/widgets/framework.dart:7285:32)
...     Normal element mounting (372 frames)
#522    Element.inflateWidget (package:flutter/src/widgets/framework.dart:4590:20)
#523    MultiChildRenderObjectElement.inflateWidget (package:flutter/src/widgets/framework.dart:7269:36)
#524    MultiChildRenderObjectElement.mount (package:flutter/src/widgets/framework.dart:7285:32)
...     Normal element mounting (460 frames)
#984    _InheritedProviderScopeElement.mount (package:provider/src/inherited_provider.dart:424:11)
...     Normal element mounting (7 frames)
#991    SingleChildWidgetElementMixin.mount (package:nested/nested.dart:222:11)
#992    Element.inflateWidget (package:flutter/src/widgets/framework.dart:4590:20)
#993    Element.updateChild (package:flutter/src/widgets/framework.dart:4053:20)
#994    ComponentElement.performRebuild (package:flutter/src/widgets/framework.dart:5844:16)
#995    Element.rebuild (package:flutter/src/widgets/framework.dart:5532:7)
#996    ProxyElement.update (package:flutter/src/widgets/framework.dart:6152:5)
#997    _InheritedNotifierElement.update (package:flutter/src/widgets/inherited_notifier.dart:108:11)
#998    Element.updateChild (package:flutter/src/widgets/framework.dart:4037:15)
#999    ComponentElement.performRebuild (package:flutter/src/widgets/framework.dart:5844:16)
#1000   StatefulElement.performRebuild (package:flutter/src/widgets/framework.dart:5985:11)
#1001   Element.rebuild (package:flutter/src/widgets/framework.dart:5532:7)
#1002   StatefulElement.update (package:flutter/src/widgets/framework.dart:6010:5)
#1003   Element.updateChild (package:flutter/src/widgets/framework.dart:4037:15)
#1004   ComponentElement.performRebuild (package:flutter/src/widgets/framework.dart:5844:16)
#1005   Element.rebuild (package:flutter/src/widgets/framework.dart:5532:7)
#1006   ProxyElement.update (package:flutter/src/widgets/framework.dart:6152:5)
#1007   _InheritedNotifierElement.update (package:flutter/src/widgets/inherited_notifier.dart:108:11)
#1008   Element.updateChild (package:flutter/src/widgets/framework.dart:4037:15)
#1009   ComponentElement.performRebuild (package:flutter/src/widgets/framework.dart:5844:16)
#1010   StatefulElement.performRebuild (package:flutter/src/widgets/framework.dart:5985:11)
#1011   Element.rebuild (package:flutter/src/widgets/framework.dart:5532:7)
#1012   StatefulElement.update (package:flutter/src/widgets/framework.dart:6010:5)
#1013   Element.updateChild (package:flutter/src/widgets/framework.dart:4037:15)
#1014   ComponentElement.performRebuild (package:flutter/src/widgets/framework.dart:5844:16)
#1015   StatefulElement.performRebuild (package:flutter/src/widgets/framework.dart:5985:11)
#1016   Element.rebuild (package:flutter/src/widgets/framework.dart:5532:7)
#1017   StatefulElement.update (package:flutter/src/widgets/framework.dart:6010:5)
#1018   Element.updateChild (package:flutter/src/widgets/framework.dart:4037:15)
#1019   ComponentElement.performRebuild (package:flutter/src/widgets/framework.dart:5844:16)
#1020   Element.rebuild (package:flutter/src/widgets/framework.dart:5532:7)
#1021   ProxyElement.update (package:flutter/src/widgets/framework.dart:6152:5)
#1022   Element.updateChild (package:flutter/src/widgets/framework.dart:4037:15)
#1023   ComponentElement.performRebuild (package:flutter/src/widgets/framework.dart:5844:16)
#1024   StatefulElement.performRebuild (package:flutter/src/widgets/framework.dart:5985:11)
#1025   Element.rebuild (package:flutter/src/widgets/framework.dart:5532:7)
#1026   StatefulElement.update (package:flutter/src/widgets/framework.dart:6010:5)
#1027   Element.updateChild (package:flutter/src/widgets/framework.dart:4037:15)
#1028   ComponentElement.performRebuild (package:flutter/src/widgets/framework.dart:5844:16)
#1029   Element.rebuild (package:flutter/src/widgets/framework.dart:5532:7)
#1030   ProxyElement.update (package:flutter/src/widgets/framework.dart:6152:5)
#1031   Element.updateChild (package:flutter/src/widgets/framework.dart:4037:15)
#1032   ComponentElement.performRebuild (package:flutter/src/widgets/framework.dart:5844:16)
#1033   Element.rebuild (package:flutter/src/widgets/framework.dart:5532:7)
#1034   ProxyElement.update (package:flutter/src/widgets/framework.dart:6152:5)
#1035   Element.updateChild (package:flutter/src/widgets/framework.dart:4037:15)
#1036   _RawViewElement._updateChild (package:flutter/src/widgets/view.dart:481:16)
#1037   _RawViewElement.update (package:flutter/src/widgets/view.dart:568:5)
#1038   Element.updateChild (package:flutter/src/widgets/framework.dart:4037:15)
#1039   ComponentElement.performRebuild (package:flutter/src/widgets/framework.dart:5844:16)
#1040   Element.rebuild (package:flutter/src/widgets/framework.dart:5532:7)
#1041   StatelessElement.update (package:flutter/src/widgets/framework.dart:5898:5)
#1042   Element.updateChild (package:flutter/src/widgets/framework.dart:4037:15)
#1043   ComponentElement.performRebuild (package:flutter/src/widgets/framework.dart:5844:16)
#1044   StatefulElement.performRebuild (package:flutter/src/widgets/framework.dart:5985:11)
#1045   Element.rebuild (package:flutter/src/widgets/framework.dart:5532:7)
#1046   StatefulElement.update (package:flutter/src/widgets/framework.dart:6010:5)
#1047   Element.updateChild (package:flutter/src/widgets/framework.dart:4037:15)
#1048   RootElement._rebuild (package:flutter/src/widgets/binding.dart:1782:16)
#1049   RootElement.update (package:flutter/src/widgets/binding.dart:1760:5)
#1050   RootElement.performRebuild (package:flutter/src/widgets/binding.dart:1774:7)
#1051   Element.rebuild (package:flutter/src/widgets/framework.dart:5532:7)
#1052   BuildScope._tryRebuild (package:flutter/src/widgets/framework.dart:2750:15)
#1053   BuildScope._flushDirtyElements (package:flutter/src/widgets/framework.dart:2807:11)
#1054   BuildOwner.buildScope (package:flutter/src/widgets/framework.dart:3111:18)
#1055   AutomatedTestWidgetsFlutterBinding.drawFrame (package:flutter_test/src/binding.dart:1506:19)
#1056   RendererBinding._handlePersistentFrameCallback (package:flutter/src/rendering/binding.dart:495:5)
#1057   SchedulerBinding._invokeFrameCallback (package:flutter/src/scheduler/binding.dart:1434:15)
#1058   SchedulerBinding.handleDrawFrame (package:flutter/src/scheduler/binding.dart:1347:9)
#1059   AutomatedTestWidgetsFlutterBinding.pump.<anonymous closure> (package:flutter_test/src/binding.dart:1335:9)
#1062   TestAsyncUtils.guard (package:flutter_test/src/test_async_utils.dart:74:41)
#1063   AutomatedTestWidgetsFlutterBinding.pump (package:flutter_test/src/binding.dart:1324:27)
#1064   WidgetTester.pumpWidget.<anonymous closure> (package:flutter_test/src/widget_tester.dart:598:22)
#1067   TestAsyncUtils.guard (package:flutter_test/src/test_async_utils.dart:74:41)
#1068   WidgetTester.pumpWidget (package:flutter_test/src/widget_tester.dart:595:27)
#1069   main.<anonymous closure> (file:///app/test/widget_test.dart:9:18)
#1070   testWidgets.<anonymous closure>.<anonymous closure> (package:flutter_test/src/widget_tester.dart:192:29)
<asynchronous suspension>
#1071   TestWidgetsFlutterBinding._runTestBody (package:flutter_test/src/binding.dart:1059:5)
<asynchronous suspension>
<asynchronous suspension>
(elided 8 frames from dart:async and package:stack_trace)

Timer (duration: 0:00:00.000000, periodic: false), created:
#0      new FakeTimer._ (package:fake_async/fake_async.dart:342:62)
#1      FakeAsync._createTimer (package:fake_async/fake_async.dart:260:29)
#2      FakeAsync.run.<anonymous closure> (package:fake_async/fake_async.dart:185:15)
#6      _AnimateState._restart (package:flutter_animate/src/animate.dart:318:23)
#7      _AnimateState.initState (package:flutter_animate/src/animate.dart:290:5)
#8      StatefulElement._firstBuild (package:flutter/src/widgets/framework.dart:5953:55)
#9      ComponentElement.mount (package:flutter/src/widgets/framework.dart:5796:5)
...     Normal element mounting (7 frames)
#16     Element.inflateWidget (package:flutter/src/widgets/framework.dart:4590:20)
#17     MultiChildRenderObjectElement.inflateWidget (package:flutter/src/widgets/framework.dart:7269:36)
#18     MultiChildRenderObjectElement.mount (package:flutter/src/widgets/framework.dart:7285:32)
...     Normal element mounting (43 frames)
#61     Element.inflateWidget (package:flutter/src/widgets/framework.dart:4590:20)
#62     MultiChildRenderObjectElement.inflateWidget (package:flutter/src/widgets/framework.dart:7269:36)
#63     MultiChildRenderObjectElement.mount (package:flutter/src/widgets/framework.dart:7285:32)
...     Normal element mounting (372 frames)
#435    Element.inflateWidget (package:flutter/src/widgets/framework.dart:4590:20)
#436    MultiChildRenderObjectElement.inflateWidget (package:flutter/src/widgets/framework.dart:7269:36)
#437    MultiChildRenderObjectElement.mount (package:flutter/src/widgets/framework.dart:7285:32)
...     Normal element mounting (460 frames)
#897    _InheritedProviderScopeElement.mount (package:provider/src/inherited_provider.dart:424:11)
...     Normal element mounting (7 frames)
#904    SingleChildWidgetElementMixin.mount (package:nested/nested.dart:222:11)
#905    Element.inflateWidget (package:flutter/src/widgets/framework.dart:4590:20)
#906    Element.updateChild (package:flutter/src/widgets/framework.dart:4053:20)
#907    ComponentElement.performRebuild (package:flutter/src/widgets/framework.dart:5844:16)
#908    Element.rebuild (package:flutter/src/widgets/framework.dart:5532:7)
#909    ProxyElement.update (package:flutter/src/widgets/framework.dart:6152:5)
#910    _InheritedNotifierElement.update (package:flutter/src/widgets/inherited_notifier.dart:108:11)
#911    Element.updateChild (package:flutter/src/widgets/framework.dart:4037:15)
#912    ComponentElement.performRebuild (package:flutter/src/widgets/framework.dart:5844:16)
#913    StatefulElement.performRebuild (package:flutter/src/widgets/framework.dart:5985:11)
#914    Element.rebuild (package:flutter/src/widgets/framework.dart:5532:7)
#915    StatefulElement.update (package:flutter/src/widgets/framework.dart:6010:5)
#916    Element.updateChild (package:flutter/src/widgets/framework.dart:4037:15)
#917    ComponentElement.performRebuild (package:flutter/src/widgets/framework.dart:5844:16)
#918    Element.rebuild (package:flutter/src/widgets/framework.dart:5532:7)
#919    ProxyElement.update (package:flutter/src/widgets/framework.dart:6152:5)
#920    _InheritedNotifierElement.update (package:flutter/src/widgets/inherited_notifier.dart:108:11)
#921    Element.updateChild (package:flutter/src/widgets/framework.dart:4037:15)
#922    ComponentElement.performRebuild (package:flutter/src/widgets/framework.dart:5844:16)
#923    StatefulElement.performRebuild (package:flutter/src/widgets/framework.dart:5985:11)
#924    Element.rebuild (package:flutter/src/widgets/framework.dart:5532:7)
#925    StatefulElement.update (package:flutter/src/widgets/framework.dart:6010:5)
#926    Element.updateChild (package:flutter/src/widgets/framework.dart:4037:15)
#927    ComponentElement.performRebuild (package:flutter/src/widgets/framework.dart:5844:16)
#928    StatefulElement.performRebuild (package:flutter/src/widgets/framework.dart:5985:11)
#929    Element.rebuild (package:flutter/src/widgets/framework.dart:5532:7)
#930    StatefulElement.update (package:flutter/src/widgets/framework.dart:6010:5)
#931    Element.updateChild (package:flutter/src/widgets/framework.dart:4037:15)
#932    ComponentElement.performRebuild (package:flutter/src/widgets/framework.dart:5844:16)
#933    Element.rebuild (package:flutter/src/widgets/framework.dart:5532:7)
#934    ProxyElement.update (package:flutter/src/widgets/framework.dart:6152:5)
#935    Element.updateChild (package:flutter/src/widgets/framework.dart:4037:15)
#936    ComponentElement.performRebuild (package:flutter/src/widgets/framework.dart:5844:16)
#937    StatefulElement.performRebuild (package:flutter/src/widgets/framework.dart:5985:11)
#938    Element.rebuild (package:flutter/src/widgets/framework.dart:5532:7)
#939    StatefulElement.update (package:flutter/src/widgets/framework.dart:6010:5)
#940    Element.updateChild (package:flutter/src/widgets/framework.dart:4037:15)
#941    ComponentElement.performRebuild (package:flutter/src/widgets/framework.dart:5844:16)
#942    Element.rebuild (package:flutter/src/widgets/framework.dart:5532:7)
#943    ProxyElement.update (package:flutter/src/widgets/framework.dart:6152:5)
#944    Element.updateChild (package:flutter/src/widgets/framework.dart:4037:15)
#945    ComponentElement.performRebuild (package:flutter/src/widgets/framework.dart:5844:16)
#946    Element.rebuild (package:flutter/src/widgets/framework.dart:5532:7)
#947    ProxyElement.update (package:flutter/src/widgets/framework.dart:6152:5)
#948    Element.updateChild (package:flutter/src/widgets/framework.dart:4037:15)
#949    _RawViewElement._updateChild (package:flutter/src/widgets/view.dart:481:16)
#950    _RawViewElement.update (package:flutter/src/widgets/view.dart:568:5)
#951    Element.updateChild (package:flutter/src/widgets/framework.dart:4037:15)
#952    ComponentElement.performRebuild (package:flutter/src/widgets/framework.dart:5844:16)
#953    Element.rebuild (package:flutter/src/widgets/framework.dart:5532:7)
#954    StatelessElement.update (package:flutter/src/widgets/framework.dart:5898:5)
#955    Element.updateChild (package:flutter/src/widgets/framework.dart:4037:15)
#956    ComponentElement.performRebuild (package:flutter/src/widgets/framework.dart:5844:16)
#957    StatefulElement.performRebuild (package:flutter/src/widgets/framework.dart:5985:11)
#958    Element.rebuild (package:flutter/src/widgets/framework.dart:5532:7)
#959    StatefulElement.update (package:flutter/src/widgets/framework.dart:6010:5)
#960    Element.updateChild (package:flutter/src/widgets/framework.dart:4037:15)
#961    RootElement._rebuild (package:flutter/src/widgets/binding.dart:1782:16)
#962    RootElement.update (package:flutter/src/widgets/binding.dart:1760:5)
#963    RootElement.performRebuild (package:flutter/src/widgets/binding.dart:1774:7)
#964    Element.rebuild (package:flutter/src/widgets/framework.dart:5532:7)
#965    BuildScope._tryRebuild (package:flutter/src/widgets/framework.dart:2750:15)
#966    BuildScope._flushDirtyElements (package:flutter/src/widgets/framework.dart:2807:11)
#967    BuildOwner.buildScope (package:flutter/src/widgets/framework.dart:3111:18)
#968    AutomatedTestWidgetsFlutterBinding.drawFrame (package:flutter_test/src/binding.dart:1506:19)
#969    RendererBinding._handlePersistentFrameCallback (package:flutter/src/rendering/binding.dart:495:5)
#970    SchedulerBinding._invokeFrameCallback (package:flutter/src/scheduler/binding.dart:1434:15)
#971    SchedulerBinding.handleDrawFrame (package:flutter/src/scheduler/binding.dart:1347:9)
#972    AutomatedTestWidgetsFlutterBinding.pump.<anonymous closure> (package:flutter_test/src/binding.dart:1335:9)
#975    TestAsyncUtils.guard (package:flutter_test/src/test_async_utils.dart:74:41)
#976    AutomatedTestWidgetsFlutterBinding.pump (package:flutter_test/src/binding.dart:1324:27)
#977    WidgetTester.pumpWidget.<anonymous closure> (package:flutter_test/src/widget_tester.dart:598:22)
#980    TestAsyncUtils.guard (package:flutter_test/src/test_async_utils.dart:74:41)
#981    WidgetTester.pumpWidget (package:flutter_test/src/widget_tester.dart:595:27)
#982    main.<anonymous closure> (file:///app/test/widget_test.dart:9:18)
#983    testWidgets.<anonymous closure>.<anonymous closure> (package:flutter_test/src/widget_tester.dart:192:29)
<asynchronous suspension>
#984    TestWidgetsFlutterBinding._runTestBody (package:flutter_test/src/binding.dart:1059:5)
<asynchronous suspension>
<asynchronous suspension>
(elided 8 frames from dart:async and package:stack_trace)

══╡ EXCEPTION CAUGHT BY FLUTTER TEST FRAMEWORK ╞════════════════════════════════════════════════════
The following assertion was thrown running a test:
A Timer is still pending even after the widget tree was disposed.
'package:flutter_test/src/binding.dart':
Failed assertion: line 1617 pos 12: '!timersPending'

When the exception was thrown, this was the stack:
#2      AutomatedTestWidgetsFlutterBinding._verifyInvariants (package:flutter_test/src/binding.dart:1617:12)
#3      TestWidgetsFlutterBinding._runTestBody (package:flutter_test/src/binding.dart:1078:7)
<asynchronous suspension>
<asynchronous suspension>
(elided 3 frames from class _AssertionError and package:stack_trace)

The test description was:
  App smoke test
════════════════════════════════════════════════════════════════════════════════════════════════════
00:04 +0 -1: App smoke test [E]
  Test failed. See exception logs above.
  The test description was: App smoke test


To run this test again: /opt/flutter/bin/cache/dart-sdk/bin/dart test /app/test/widget_test.dart -p vm --plain-name 'App smoke test'
00:04 +0 -1: Some tests failed.
